  PlayScene.cpp
C:\Users\flank\source\repos\TaikoFUN\TaikoFUN\src\Core\ChartData.h(1,1): warning C4819: ファイルは、現在のコード ページ (932) で表示できない文字を含んでいます。データの損失を防ぐために、ファイルを Unicode 形式で保存してください。
  (ソース ファイル 'src/Playing/PlayScene.cpp' をコンパイルしています)
  
C:\Users\flank\source\repos\TaikoFUN\TaikoFUN\src\Audio\SoundHandle.h(1,1): warning C4819: ファイルは、現在のコード ページ (932) で表示できない文字を含んでいます。データの損失を防ぐために、ファイルを Unicode 形式で保存してください。
  (ソース ファイル 'src/Playing/PlayScene.cpp' をコンパイルしています)
  
C:\Users\flank\source\repos\TaikoFUN\TaikoFUN\src\Skin\SkinData.h(1,1): warning C4819: ファイルは、現在のコード ページ (932) で表示できない文字を含んでいます。データの損失を防ぐために、ファイルを Unicode 形式で保存してください。
  (ソース ファイル 'src/Playing/PlayScene.cpp' をコンパイルしています)
  
C:\Users\flank\source\repos\TaikoFUN\TaikoFUN\src\Core\ChartScanner.h(1,1): warning C4819: ファイルは、現在のコード ページ (932) で表示できない文字を含んでいます。データの損失を防ぐために、ファイルを Unicode 形式で保存してください。
  (ソース ファイル 'src/Playing/PlayScene.cpp' をコンパイルしています)
  
C:\Users\flank\source\repos\TaikoFUN\TaikoFUN\src\Core\text.h(1,1): warning C4819: ファイルは、現在のコード ページ (932) で表示できない文字を含んでいます。データの損失を防ぐために、ファイルを Unicode 形式で保存してください。
  (ソース ファイル 'src/Playing/PlayScene.cpp' をコンパイルしています)
  
C:\Users\flank\source\repos\TaikoFUN\TaikoFUN\src\Playing\PlayScene.cpp(33,28): warning C4244: '引数': 'double' から 'int' への変換です。データが失われる可能性があります。
C:\Users\flank\source\repos\TaikoFUN\TaikoFUN\src\Playing\PlayScene.cpp(64,63): warning C4244: '引数': 'double' から 'int' への変換です。データが失われる可能性があります。
C:\Users\flank\source\repos\TaikoFUN\TaikoFUN\src\Playing\PlayScene.cpp(64,36): warning C4244: '引数': 'double' から 'int' への変換です。データが失われる可能性があります。
C:\Users\flank\source\repos\TaikoFUN\TaikoFUN\src\Playing\PlayScene.cpp(69,33): warning C4244: '引数': 'double' から 'int' への変換です。データが失われる可能性があります。
C:\Users\flank\source\repos\TaikoFUN\TaikoFUN\src\Playing\PlayScene.cpp(68,33): warning C4244: '引数': 'double' から 'int' への変換です。データが失われる可能性があります。
C:\Users\flank\source\repos\TaikoFUN\TaikoFUN\src\Playing\PlayScene.cpp(67,30): warning C4244: '引数': 'double' から 'int' への変換です。データが失われる可能性があります。
C:\Users\flank\source\repos\TaikoFUN\TaikoFUN\src\Playing\PlayScene.cpp(66,42): warning C4244: '引数': 'double' から 'int' への変換です。データが失われる可能性があります。
C:\Users\flank\source\repos\TaikoFUN\TaikoFUN\src\Playing\PlayScene.cpp(106,34): warning C4244: '引数': 'double' から 'int' への変換です。データが失われる可能性があります。
C:\Users\flank\source\repos\TaikoFUN\TaikoFUN\src\Playing\PlayScene.cpp(105,14): warning C4244: '引数': 'double' から 'int' への変換です。データが失われる可能性があります。
C:\Users\flank\source\repos\TaikoFUN\TaikoFUN\src\Playing\PlayScene.cpp(104,31): warning C4244: '引数': 'double' から 'int' への変換です。データが失われる可能性があります。
C:\Users\flank\source\repos\TaikoFUN\TaikoFUN\src\Playing\PlayScene.cpp(103,20): warning C4244: '引数': 'double' から 'int' への変換です。データが失われる可能性があります。
C:\Users\flank\source\repos\TaikoFUN\TaikoFUN\src\Playing\PlayScene.cpp(135,34): warning C4244: '引数': 'double' から 'int' への変換です。データが失われる可能性があります。
C:\Users\flank\source\repos\TaikoFUN\TaikoFUN\src\Playing\PlayScene.cpp(134,14): warning C4244: '引数': 'double' から 'int' への変換です。データが失われる可能性があります。
C:\Users\flank\source\repos\TaikoFUN\TaikoFUN\src\Playing\PlayScene.cpp(133,31): warning C4244: '引数': 'double' から 'int' への変換です。データが失われる可能性があります。
C:\Users\flank\source\repos\TaikoFUN\TaikoFUN\src\Playing\PlayScene.cpp(132,20): warning C4244: '引数': 'double' から 'int' への変換です。データが失われる可能性があります。
C:\Users\flank\source\repos\TaikoFUN\TaikoFUN\src\Playing\PlayScene.cpp(142,34): warning C4244: '引数': 'double' から 'int' への変換です。データが失われる可能性があります。
C:\Users\flank\source\repos\TaikoFUN\TaikoFUN\src\Playing\PlayScene.cpp(141,14): warning C4244: '引数': 'double' から 'int' への変換です。データが失われる可能性があります。
C:\Users\flank\source\repos\TaikoFUN\TaikoFUN\src\Playing\PlayScene.cpp(140,31): warning C4244: '引数': 'double' から 'int' への変換です。データが失われる可能性があります。
C:\Users\flank\source\repos\TaikoFUN\TaikoFUN\src\Playing\PlayScene.cpp(139,20): warning C4244: '引数': 'double' から 'int' への変換です。データが失われる可能性があります。
C:\Users\flank\source\repos\TaikoFUN\TaikoFUN\src\Playing\PlayScene.cpp(156,19): warning C4244: '=': 'double' から 'int' への変換です。データが失われる可能性があります。
C:\Users\flank\source\repos\TaikoFUN\TaikoFUN\src\Playing\PlayScene.cpp(191,60): warning C4244: '引数': 'double' から 'const int' への変換です。データが失われる可能性があります。
C:\Users\flank\source\repos\TaikoFUN\TaikoFUN\src\Playing\PlayScene.cpp(191,39): warning C4244: '引数': 'double' から 'const int' への変換です。データが失われる可能性があります。
C:\Users\flank\source\repos\TaikoFUN\TaikoFUN\src\Playing\PlayScene.cpp(205,32): warning C4244: '引数': 'double' から 'int' への変換です。データが失われる可能性があります。
C:\Users\flank\source\repos\TaikoFUN\TaikoFUN\src\Playing\PlayScene.cpp(204,16): warning C4244: '引数': 'double' から 'int' への変換です。データが失われる可能性があります。
C:\Users\flank\source\repos\TaikoFUN\TaikoFUN\src\Playing\PlayScene.cpp(203,29): warning C4244: '引数': 'double' から 'int' への変換です。データが失われる可能性があります。
C:\Users\flank\source\repos\TaikoFUN\TaikoFUN\src\Playing\PlayScene.cpp(202,22): warning C4244: '引数': 'double' から 'int' への変換です。データが失われる可能性があります。
C:\Users\flank\source\repos\TaikoFUN\TaikoFUN\src\Playing\PlayScene.cpp(212,36): warning C4244: '引数': 'double' から 'int' への変換です。データが失われる可能性があります。
C:\Users\flank\source\repos\TaikoFUN\TaikoFUN\src\Playing\PlayScene.cpp(211,20): warning C4244: '引数': 'double' から 'int' への変換です。データが失われる可能性があります。
C:\Users\flank\source\repos\TaikoFUN\TaikoFUN\src\Playing\PlayScene.cpp(210,33): warning C4244: '引数': 'double' から 'int' への変換です。データが失われる可能性があります。
C:\Users\flank\source\repos\TaikoFUN\TaikoFUN\src\Playing\PlayScene.cpp(209,32): warning C4244: '引数': 'double' から 'int' への変換です。データが失われる可能性があります。
C:\Users\flank\source\repos\TaikoFUN\TaikoFUN\src\Playing\PlayScene.cpp(220,36): warning C4244: '引数': 'double' から 'int' への変換です。データが失われる可能性があります。
C:\Users\flank\source\repos\TaikoFUN\TaikoFUN\src\Playing\PlayScene.cpp(219,20): warning C4244: '引数': 'double' から 'int' への変換です。データが失われる可能性があります。
C:\Users\flank\source\repos\TaikoFUN\TaikoFUN\src\Playing\PlayScene.cpp(218,33): warning C4244: '引数': 'double' から 'int' への変換です。データが失われる可能性があります。
C:\Users\flank\source\repos\TaikoFUN\TaikoFUN\src\Playing\PlayScene.cpp(217,22): warning C4244: '引数': 'double' から 'int' への変換です。データが失われる可能性があります。
  TaikoFUN.vcxproj -> C:\Users\flank\source\repos\TaikoFUN\x64\Debug\TaikoFUN.exe
  C:\Users\flank\source\repos\TaikoFUN\TaikoFUN\Resource\Debug\カンケーガール.mp3
  C:\Users\flank\source\repos\TaikoFUN\TaikoFUN\Resource\Debug\シャイニングスター\シャイニングスター.ogg
  C:\Users\flank\source\repos\TaikoFUN\TaikoFUN\Resource\Debug\シャイニングスター\シャイニングスター.tja
  C:\Users\flank\source\repos\TaikoFUN\TaikoFUN\Resource\Image\Config\config_bgstage.png
  C:\Users\flank\source\repos\TaikoFUN\TaikoFUN\Resource\Image\Playing\balloonnumber.png
  C:\Users\flank\source\repos\TaikoFUN\TaikoFUN\Resource\Image\Playing\balloon_roll.png
  C:\Users\flank\source\repos\TaikoFUN\TaikoFUN\Resource\Image\Playing\combonumber1.png
  C:\Users\flank\source\repos\TaikoFUN\TaikoFUN\Resource\Image\Playing\combonumber2.png
  C:\Users\flank\source\repos\TaikoFUN\TaikoFUN\Resource\Image\Playing\combonumber3.png
  C:\Users\flank\source\repos\TaikoFUN\TaikoFUN\Resource\Image\Playing\combostring1.png
  C:\Users\flank\source\repos\TaikoFUN\TaikoFUN\Resource\Image\Playing\combostring2.png
  C:\Users\flank\source\repos\TaikoFUN\TaikoFUN\Resource\Image\Playing\combostring3.png
  C:\Users\flank\source\repos\TaikoFUN\TaikoFUN\Resource\Image\Playing\coursesymbol_easy.png
  C:\Users\flank\source\repos\TaikoFUN\TaikoFUN\Resource\Image\Playing\coursesymbol_edit.png
  C:\Users\flank\source\repos\TaikoFUN\TaikoFUN\Resource\Image\Playing\coursesymbol_hard.png
  C:\Users\flank\source\repos\TaikoFUN\TaikoFUN\Resource\Image\Playing\coursesymbol_normal.png
  C:\Users\flank\source\repos\TaikoFUN\TaikoFUN\Resource\Image\Playing\coursesymbol_oni.png
  C:\Users\flank\source\repos\TaikoFUN\TaikoFUN\Resource\Image\Playing\explosion_down.png
  C:\Users\flank\source\repos\TaikoFUN\TaikoFUN\Resource\Image\Playing\explosion_soul.png
  C:\Users\flank\source\repos\TaikoFUN\TaikoFUN\Resource\Image\Playing\explosion_up.png
  C:\Users\flank\source\repos\TaikoFUN\TaikoFUN\Resource\Image\Playing\gogofire.png
  C:\Users\flank\source\repos\TaikoFUN\TaikoFUN\Resource\Image\Playing\gogosplash_particle.png
  C:\Users\flank\source\repos\TaikoFUN\TaikoFUN\Resource\Image\Playing\judgestring.png
  C:\Users\flank\source\repos\TaikoFUN\TaikoFUN\Resource\Image\Playing\minitaiko_don.png
  C:\Users\flank\source\repos\TaikoFUN\TaikoFUN\Resource\Image\Playing\minitaiko_ka.png
  C:\Users\flank\source\repos\TaikoFUN\TaikoFUN\Resource\Image\Playing\note.png
  C:\Users\flank\source\repos\TaikoFUN\TaikoFUN\Resource\Image\Playing\number.png
  C:\Users\flank\source\repos\TaikoFUN\TaikoFUN\Resource\Image\Playing\number_roll.png
  C:\Users\flank\source\repos\TaikoFUN\TaikoFUN\Resource\Image\Playing\number_score.png
  C:\Users\flank\source\repos\TaikoFUN\TaikoFUN\Resource\Image\Playing\result.txt
  C:\Users\flank\source\repos\TaikoFUN\TaikoFUN\Resource\Image\Playing\scrollfield_bg.png
  C:\Users\flank\source\repos\TaikoFUN\TaikoFUN\Resource\Image\Playing\scrollfield_bg_expert.png
  C:\Users\flank\source\repos\TaikoFUN\TaikoFUN\Resource\Image\Playing\scrollfield_bg_master.png
  C:\Users\flank\source\repos\TaikoFUN\TaikoFUN\Resource\Image\Playing\scrollfield_bg_normal.png
  C:\Users\flank\source\repos\TaikoFUN\TaikoFUN\Resource\Image\Playing\scrollfield_don.png
  C:\Users\flank\source\repos\TaikoFUN\TaikoFUN\Resource\Image\Playing\scrollfield_gogo.png
  C:\Users\flank\source\repos\TaikoFUN\TaikoFUN\Resource\Image\Playing\scrollfield_hit.png
  C:\Users\flank\source\repos\TaikoFUN\TaikoFUN\Resource\Image\Playing\scrollfield_ka.png
  C:\Users\flank\source\repos\TaikoFUN\TaikoFUN\Resource\Image\Playing\scrollfield_roll.png
  C:\Users\flank\source\repos\TaikoFUN\TaikoFUN\Resource\Image\Playing\senote.png
  C:\Users\flank\source\repos\TaikoFUN\TaikoFUN\Resource\Image\Playing\senote_bg.png
  C:\Users\flank\source\repos\TaikoFUN\TaikoFUN\Resource\Image\Playing\soul.png
  C:\Users\flank\source\repos\TaikoFUN\TaikoFUN\Resource\Image\Poster\asset_01.png
  C:\Users\flank\source\repos\TaikoFUN\TaikoFUN\Resource\Image\Poster\asset_02.png
  C:\Users\flank\source\repos\TaikoFUN\TaikoFUN\Resource\Image\Poster\asset_03.png
  C:\Users\flank\source\repos\TaikoFUN\TaikoFUN\Resource\Image\Poster\asset_04.png
  C:\Users\flank\source\repos\TaikoFUN\TaikoFUN\Resource\Image\Poster\asset_05.png
  C:\Users\flank\source\repos\TaikoFUN\TaikoFUN\Resource\Image\Poster\asset_06.png
  C:\Users\flank\source\repos\TaikoFUN\TaikoFUN\Resource\Image\Poster\asset_07.png
  C:\Users\flank\source\repos\TaikoFUN\TaikoFUN\Resource\Image\Poster\asset_08.png
  C:\Users\flank\source\repos\TaikoFUN\TaikoFUN\Resource\Image\Poster\asset_09.png
  C:\Users\flank\source\repos\TaikoFUN\TaikoFUN\Resource\Image\Poster\asset_10.png
  C:\Users\flank\source\repos\TaikoFUN\TaikoFUN\Resource\Image\Poster\asset_11.png
  C:\Users\flank\source\repos\TaikoFUN\TaikoFUN\Resource\Image\Poster\asset_12.png
  C:\Users\flank\source\repos\TaikoFUN\TaikoFUN\Resource\Image\Poster\asset_13.png
  C:\Users\flank\source\repos\TaikoFUN\TaikoFUN\Resource\Image\Poster\asset_14.png
  C:\Users\flank\source\repos\TaikoFUN\TaikoFUN\Resource\Image\Poster\asset_15.png
  C:\Users\flank\source\repos\TaikoFUN\TaikoFUN\Resource\Image\Poster\asset_16.png
  C:\Users\flank\source\repos\TaikoFUN\TaikoFUN\Resource\Image\Poster\asset_17.png
  C:\Users\flank\source\repos\TaikoFUN\TaikoFUN\Resource\Image\Poster\asset_18.png
  C:\Users\flank\source\repos\TaikoFUN\TaikoFUN\Resource\Image\Poster\asset_19.png
  C:\Users\flank\source\repos\TaikoFUN\TaikoFUN\Resource\Image\Poster\asset_20.png
  C:\Users\flank\source\repos\TaikoFUN\TaikoFUN\Resource\Image\Poster\asset_21.png
  C:\Users\flank\source\repos\TaikoFUN\TaikoFUN\Resource\Image\Poster\asset_22.png
  C:\Users\flank\source\repos\TaikoFUN\TaikoFUN\Resource\Image\Poster\asset_23.png
  C:\Users\flank\source\repos\TaikoFUN\TaikoFUN\Resource\Image\Poster\asset_24.png
  C:\Users\flank\source\repos\TaikoFUN\TaikoFUN\Resource\Image\Poster\asset_25.png
  C:\Users\flank\source\repos\TaikoFUN\TaikoFUN\Resource\Image\Poster\asset_26.png
  C:\Users\flank\source\repos\TaikoFUN\TaikoFUN\Resource\Image\Poster\asset_27.png
  C:\Users\flank\source\repos\TaikoFUN\TaikoFUN\Resource\Image\Result\board.png
  C:\Users\flank\source\repos\TaikoFUN\TaikoFUN\Resource\Image\Result\fullcombo.png
  C:\Users\flank\source\repos\TaikoFUN\TaikoFUN\Resource\Image\Result\newrecord.png
  C:\Users\flank\source\repos\TaikoFUN\TaikoFUN\Resource\Image\Result\number.png
  C:\Users\flank\source\repos\TaikoFUN\TaikoFUN\Resource\Image\SkinColor\bgstage.png
  C:\Users\flank\source\repos\TaikoFUN\TaikoFUN\Resource\Image\SkinColor\bgstage_clear.png
  C:\Users\flank\source\repos\TaikoFUN\TaikoFUN\Resource\Image\SkinColor\comboballoon.png
  C:\Users\flank\source\repos\TaikoFUN\TaikoFUN\Resource\Image\SkinColor\minitaiko.png
  C:\Users\flank\source\repos\TaikoFUN\TaikoFUN\Resource\Image\SkinColor\resultbg_clear.png
  C:\Users\flank\source\repos\TaikoFUN\TaikoFUN\Resource\Image\SkinColor\resultbg_failure.png
  C:\Users\flank\source\repos\TaikoFUN\TaikoFUN\Resource\Image\SkinColor\songselectbg.png
  C:\Users\flank\source\repos\TaikoFUN\TaikoFUN\Resource\Image\SkinColor\soulprogressbar.png
  C:\Users\flank\source\repos\TaikoFUN\TaikoFUN\Resource\Image\SongSelect\box.png
  C:\Users\flank\source\repos\TaikoFUN\TaikoFUN\Resource\Image\Title\title_bgstage.png
  C:\Users\flank\source\repos\TaikoFUN\TaikoFUN\Resource\Sound\General\don.wav
  C:\Users\flank\source\repos\TaikoFUN\TaikoFUN\Resource\Sound\General\ka.wav
  85 個のファイルをコピーしました
  C:\Users\flank\source\repos\TaikoFUN\TaikoFUN\Songs\8orochi-ura\8OROCHI(裏).tja
  C:\Users\flank\source\repos\TaikoFUN\TaikoFUN\Songs\8orochi-ura\8OROCHI.ogg
  C:\Users\flank\source\repos\TaikoFUN\TaikoFUN\Songs\シャイニングスター\シャイニングスター.ogg
  C:\Users\flank\source\repos\TaikoFUN\TaikoFUN\Songs\シャイニングスター\シャイニングスター.tja
  C:\Users\flank\source\repos\TaikoFUN\TaikoFUN\Songs\ドンカマ2000\ドンカマ2000.ogg
  C:\Users\flank\source\repos\TaikoFUN\TaikoFUN\Songs\ドンカマ2000\ドンカマ2000.tja
  C:\Users\flank\source\repos\TaikoFUN\TaikoFUN\Songs\万戈イムー一ノ十\万戈イムー一ノ十.ogg
  C:\Users\flank\source\repos\TaikoFUN\TaikoFUN\Songs\続・〆ドレー2000\万戈イムー一ノ十.tja
  C:\Users\flank\source\repos\TaikoFUN\TaikoFUN\Songs\続・〆ドレー2000\続・〆ドレー2000.ogg
  C:\Users\flank\source\repos\TaikoFUN\TaikoFUN\Songs\続・〆ドレー2000\続・〆ドレー2000.tja
  10 個のファイルをコピーしました
