c:\users\flank\source\repos\taikofun\taikofun\x64\debug\vc145.pdb
c:\users\flank\source\repos\taikofun\taikofun\x64\debug\vc145.idb
c:\users\flank\source\repos\taikofun\taikofun\x64\debug\text.obj
c:\users\flank\source\repos\taikofun\taikofun\x64\debug\time.obj
c:\users\flank\source\repos\taikofun\taikofun\x64\debug\tween.obj
c:\users\flank\source\repos\taikofun\taikofun\x64\debug\main.obj
c:\users\flank\source\repos\taikofun\taikofun\x64\debug\musicdata.obj
c:\users\flank\source\repos\taikofun\taikofun\x64\debug\debug.obj
c:\users\flank\source\repos\taikofun\taikofun\x64\debug\input.obj
c:\users\flank\source\repos\taikofun\taikofun\x64\debug\fps.obj
c:\users\flank\source\repos\taikofun\taikofun\x64\debug\general.obj
c:\users\flank\source\repos\taikofun\taikofun\x64\debug\skindata.obj
c:\users\flank\source\repos\taikofun\taikofun\x64\debug\chartscanner.obj
c:\users\flank\source\repos\taikofun\taikofun\x64\debug\chartloader.obj
c:\users\flank\source\repos\taikofun\taikofun\x64\debug\charcode.obj
c:\users\flank\source\repos\taikofun\taikofun\x64\debug\findalltja.obj
c:\users\flank\source\repos\taikofun\taikofun\x64\debug\fileutil.obj
c:\users\flank\source\repos\taikofun\taikofun\x64\debug\scenemanager.obj
c:\users\flank\source\repos\taikofun\taikofun\x64\debug\play.obj
c:\users\flank\source\repos\taikofun\taikofun\x64\debug\chartdata.obj
c:\users\flank\source\repos\taikofun\taikofun\x64\debug\songdata.obj
c:\users\flank\source\repos\taikofun\taikofun\x64\debug\backgroundrenderer.obj
c:\users\flank\source\repos\taikofun\taikofun\x64\debug\noterenderer.obj
c:\users\flank\source\repos\taikofun\taikofun\x64\debug\chartplayer.obj
c:\users\flank\source\repos\taikofun\taikofun\x64\debug\chartdrawer.obj
c:\users\flank\source\repos\taikofun\taikofun\x64\debug\playeffects.obj
c:\users\flank\source\repos\taikofun\x64\debug\taikofun.exe
c:\users\flank\source\repos\taikofun\x64\debug\taikofun.pdb
c:\users\flank\source\repos\taikofun\taikofun\x64\debug\taikofun.exe.embed.manifest.res
c:\users\flank\source\repos\taikofun\taikofun\x64\debug\taikofun.ilk
c:\users\flank\source\repos\taikofun\taikofun\x64\debug\class.obj
c:\users\flank\source\repos\taikofun\taikofun\x64\debug\loadchart.obj
c:\users\flank\source\repos\taikofun\taikofun\x64\debug\playscene.obj
c:\users\flank\source\repos\taikofun\taikofun\x64\debug\soundhandle.obj
c:\users\flank\source\repos\taikofun\taikofun\x64\debug\chartdata.obj.enc
c:\users\flank\source\repos\taikofun\taikofun\x64\debug\chartloader.new.obj.enc
c:\users\flank\source\repos\taikofun\taikofun\x64\debug\main.new.obj.enc
c:\users\flank\source\repos\taikofun\taikofun\x64\debug\playscene.new.obj.enc
c:\users\flank\source\repos\taikofun\taikofun\x64\debug\taikofun.exe.embed.manifest
c:\users\flank\source\repos\taikofun\taikofun\x64\debug\taikofun_manifest.rc
c:\users\flank\source\repos\taikofun\taikofun\x64\debug\taikofun.tlog\cl.command.1.tlog
c:\users\flank\source\repos\taikofun\taikofun\x64\debug\taikofun.tlog\cl.items.tlog
c:\users\flank\source\repos\taikofun\taikofun\x64\debug\taikofun.tlog\cl.read.1.tlog
c:\users\flank\source\repos\taikofun\taikofun\x64\debug\taikofun.tlog\cl.write.1.tlog
c:\users\flank\source\repos\taikofun\taikofun\x64\debug\taikofun.tlog\link-cvtres.read.1.tlog
c:\users\flank\source\repos\taikofun\taikofun\x64\debug\taikofun.tlog\link-cvtres.write.1.tlog
c:\users\flank\source\repos\taikofun\taikofun\x64\debug\taikofun.tlog\link-mt.read.1.tlog
c:\users\flank\source\repos\taikofun\taikofun\x64\debug\taikofun.tlog\link-mt.write.1.tlog
c:\users\flank\source\repos\taikofun\taikofun\x64\debug\taikofun.tlog\link-rc.read.1.tlog
c:\users\flank\source\repos\taikofun\taikofun\x64\debug\taikofun.tlog\link-rc.write.1.tlog
c:\users\flank\source\repos\taikofun\taikofun\x64\debug\taikofun.tlog\link.command.1.tlog
c:\users\flank\source\repos\taikofun\taikofun\x64\debug\taikofun.tlog\link.read.1.tlog
c:\users\flank\source\repos\taikofun\taikofun\x64\debug\taikofun.tlog\link.read.2.tlog
c:\users\flank\source\repos\taikofun\taikofun\x64\debug\taikofun.tlog\link.secondary.1.tlog
c:\users\flank\source\repos\taikofun\taikofun\x64\debug\taikofun.tlog\link.write.1.tlog
c:\users\flank\source\repos\taikofun\taikofun\x64\debug\taikofun.tlog\rc.command.1.tlog
c:\users\flank\source\repos\taikofun\taikofun\x64\debug\taikofun.tlog\rc.read.1.tlog
c:\users\flank\source\repos\taikofun\taikofun\x64\debug\taikofun.tlog\rc.write.1.tlog
